=================================================================
Layer (type:depth-idx)                   Param #
=================================================================
MixedTrainableParameters                 20
=================================================================
Total params: 20
Trainable params: 10
Non-trainable params: 10
=================================================================
